// Vitest Snapshot v1, https://vitest.dev/guide/snapshot.html

exports[`AppShell > renders 1`] = `
<div>
  <div
    class="flex h-full"
  >
    <nav
      aria-label="Main menu"
      class="flex h-full w-56 flex-col bg-secondary p-4"
    >
      <p
        class="mb-6 text-lg font-bold text-third"
      >
        Marketplace
      </p>
      <ul
        class="flex flex-col gap-1"
      >
        <li>
          <a
            aria-current="page"
            class="block rounded-box px-3 py-2 text-sm bg-palette-bg1 font-bold active"
            data-status="active"
            href="/home"
          >
            Dashboard
          </a>
        </li>
        <li>
          <a
            class="block rounded-box px-3 py-2 text-sm "
            href="/companies"
          >
            Companies
          </a>
        </li>
      </ul>
      <div
        class="mt-auto flex flex-col gap-2"
      >
        <p
          class="text-xs break-all text-tip"
        >
          owner@marketplace.test
        </p>
        <button
          class="inline-flex cursor-pointer items-center justify-center gap-2 rounded-box py-2 text-sm font-semibold transition-colors disabled:cursor-not-allowed disabled:opacity-50 bg-secondary text-palette-bg hover:bg-primary px-4"
          type="button"
        >
          Logout
        </button>
      </div>
    </nav>
    <div
      class="flex min-w-0 flex-1 flex-col"
    >
      <main
        class="flex-1 overflow-auto p-6"
      >
        <header
          class="mb-6 flex flex-col gap-3 border-b border-tip pb-4"
        >
          <div
            class="flex flex-wrap items-center justify-between gap-4"
          >
            <h1
              class="text-2xl font-bold"
            >
              Dashboard
            </h1>
          </div>
        </header>
        <div
          class="grid gap-4 sm:grid-cols-2 xl:grid-cols-4"
        >
          <a
            class="block rounded-box border-4 border-third bg-white p-4 shadow transition-shadow hover:shadow-lg"
            href="/companies"
          >
            <h2
              class="font-bold"
            >
              Companies
            </h2>
            <p
              class="text-sm text-tip"
            >
              Manage your companies
            </p>
          </a>
        </div>
      </main>
      <footer
        class="border-t border-tip px-6 py-3 text-xs text-tip"
      >
        Marketplace — shop owner area
      </footer>
    </div>
  </div>
</div>
`;
