// Vitest Snapshot v1, https://vitest.dev/guide/snapshot.html

exports[`FormSubmit > renders 1`] = `
<div
  class="col-span-full flex justify-end"
>
  <button
    class="inline-flex cursor-pointer items-center justify-center gap-2 rounded-box py-2 text-sm font-semibold transition-colors disabled:cursor-not-allowed disabled:opacity-50 bg-third text-palette-white hover:bg-tomato px-[30px]"
    type="submit"
  >
    Create shopOwner
  </button>
</div>
`;
