// Vitest Snapshot v1, https://vitest.dev/guide/snapshot.html

exports[`ToastValidation > renders 1`] = `
<div
  class="pointer-events-auto overflow-hidden rounded-box border shadow-lg border-app-error bg-palette-white text-app-error"
  role="alert"
>
  <div
    class="flex items-start gap-3 px-4 py-3 text-sm"
  >
    <span
      class="grow"
    >
      <span
        class="font-semibold"
      >
        Fix these fields before saving:
      </span>
      <ul
        class="mt-1 list-disc pl-4"
      >
        <li>
          First name is required
        </li>
        <li>
          The certified email is not a valid address
        </li>
      </ul>
    </span>
    <button
      aria-label="Close"
      class="rounded-box p-1 text-tip transition-colors hover:text-third focus-visible:text-third disabled:cursor-not-allowed disabled:opacity-40 disabled:hover:text-tip"
      title="Close"
      type="button"
    >
      <svg
        aria-hidden="true"
        class="h-4 w-4"
        fill="none"
        stroke="currentColor"
        stroke-linecap="round"
        stroke-linejoin="round"
        stroke-width="1.75"
        viewBox="0 0 24 24"
      >
        <path
          d="M6 6 18 18"
        />
        <path
          d="M18 6 6 18"
        />
      </svg>
    </button>
  </div>
</div>
`;
